// Jest Snapshot v1, https://goo.gl/fbAQLP

exports[`Gift renders properly 1`] = `
ShallowWrapper {
  Symbol(enzyme.__root__): [Circular],
  Symbol(enzyme.__unrendered__): <Gift
    gift={
        Object {
            "id": 1,
          }
    }
    removeGift={[Function]}
/>,
  Symbol(enzyme.__renderer__): Object {
    "batchedUpdates": [Function],
    "checkPropTypes": [Function],
    "getNode": [Function],
    "render": [Function],
    "simulateError": [Function],
    "simulateEvent": [Function],
    "unmount": [Function],
  },
  Symbol(enzyme.__node__): Object {
    "instance": null,
    "key": undefined,
    "nodeType": "host",
    "props": Object {
      "children": Array [
        <Unknown
          inline={false}
>
          <Unknown>
                    <Unknown
                              column={false}
                              srOnly={false}
                    >
                              Person
                    </Unknown>
                    <Unknown
                              className="input-person"
                              onChange={[Function]}
                    />
          </Unknown>
          <Unknown>
                    <Unknown
                              column={false}
                              srOnly={false}
                    >
                              Present
                    </Unknown>
                    <Unknown
                              className="input-present"
                              onChange={[Function]}
                    />
          </Unknown>
</Unknown>,
        <Unknown
          active={false}
          className="btn-remove"
          disabled={false}
          onClick={[Function]}
          variant="primary"
>
          Remove Gift
</Unknown>,
      ],
    },
    "ref": null,
    "rendered": Array [
      Object {
        "instance": null,
        "key": undefined,
        "nodeType": "function",
        "props": Object {
          "children": Array [
            <Unknown>
              <Unknown
                            column={false}
                            srOnly={false}
              >
                            Person
              </Unknown>
              <Unknown
                            className="input-person"
                            onChange={[Function]}
              />
</Unknown>,
            <Unknown>
              <Unknown
                            column={false}
                            srOnly={false}
              >
                            Present
              </Unknown>
              <Unknown
                            className="input-present"
                            onChange={[Function]}
              />
</Unknown>,
          ],
          "inline": false,
        },
        "ref": null,
        "rendered": Array [
          Object {
            "instance": null,
            "key": undefined,
            "nodeType": "function",
            "props": Object {
              "children": Array [
                <Unknown
                  column={false}
                  srOnly={false}
>
                  Person
</Unknown>,
                <Unknown
                  className="input-person"
                  onChange={[Function]}
/>,
              ],
            },
            "ref": null,
            "rendered": Array [
              Object {
                "instance": null,
                "key": undefined,
                "nodeType": "function",
                "props": Object {
                  "children": "Person",
                  "column": false,
                  "srOnly": false,
                },
                "ref": null,
                "rendered": "Person",
                "type": Object {
                  "$$typeof": Symbol(react.forward_ref),
                  "defaultProps": Object {
                    "column": false,
                    "srOnly": false,
                  },
                  "displayName": "FormLabel",
                  "render": [Function],
                },
              },
              Object {
                "instance": null,
                "key": undefined,
                "nodeType": "function",
                "props": Object {
                  "className": "input-person",
                  "onChange": [Function],
                },
                "ref": null,
                "rendered": null,
                "type": Object {
                  "$$typeof": Symbol(react.forward_ref),
                  "Feedback": Object {
                    "$$typeof": Symbol(react.forward_ref),
                    "displayName": "Feedback",
                    "propTypes": Object {
                      "as": [Function],
                      "tooltip": [Function],
                      "type": [Function],
                    },
                    "render": [Function],
                  },
                  "displayName": "FormControl",
                  "render": [Function],
                },
              },
            ],
            "type": Object {
              "$$typeof": Symbol(react.forward_ref),
              "displayName": "FormGroup",
              "render": [Function],
            },
          },
          Object {
            "instance": null,
            "key": undefined,
            "nodeType": "function",
            "props": Object {
              "children": Array [
                <Unknown
                  column={false}
                  srOnly={false}
>
                  Present
</Unknown>,
                <Unknown
                  className="input-present"
                  onChange={[Function]}
/>,
              ],
            },
            "ref": null,
            "rendered": Array [
              Object {
                "instance": null,
                "key": undefined,
                "nodeType": "function",
                "props": Object {
                  "children": "Present",
                  "column": false,
                  "srOnly": false,
                },
                "ref": null,
                "rendered": "Present",
                "type": Object {
                  "$$typeof": Symbol(react.forward_ref),
                  "defaultProps": Object {
                    "column": false,
                    "srOnly": false,
                  },
                  "displayName": "FormLabel",
                  "render": [Function],
                },
              },
              Object {
                "instance": null,
                "key": undefined,
                "nodeType": "function",
                "props": Object {
                  "className": "input-present",
                  "onChange": [Function],
                },
                "ref": null,
                "rendered": null,
                "type": Object {
                  "$$typeof": Symbol(react.forward_ref),
                  "Feedback": Object {
                    "$$typeof": Symbol(react.forward_ref),
                    "displayName": "Feedback",
                    "propTypes": Object {
                      "as": [Function],
                      "tooltip": [Function],
                      "type": [Function],
                    },
                    "render": [Function],
                  },
                  "displayName": "FormControl",
                  "render": [Function],
                },
              },
            ],
            "type": Object {
              "$$typeof": Symbol(react.forward_ref),
              "displayName": "FormGroup",
              "render": [Function],
            },
          },
        ],
        "type": Object {
          "$$typeof": Symbol(react.forward_ref),
          "Check": Object {
            "$$typeof": Symbol(react.forward_ref),
            "Input": Object {
              "$$typeof": Symbol(react.forward_ref),
              "displayName": "FormCheckInput",
              "render": [Function],
            },
            "Label": Object {
              "$$typeof": Symbol(react.forward_ref),
              "displayName": "FormCheckLabel",
              "render": [Function],
            },
            "displayName": "FormCheck",
            "render": [Function],
          },
          "Control": Object {
            "$$typeof": Symbol(react.forward_ref),
            "Feedback": Object {
              "$$typeof": Symbol(react.forward_ref),
              "displayName": "Feedback",
              "propTypes": Object {
                "as": [Function],
                "tooltip": [Function],
                "type": [Function],
              },
              "render": [Function],
            },
            "displayName": "FormControl",
            "render": [Function],
          },
          "File": Object {
            "$$typeof": Symbol(react.forward_ref),
            "Input": Object {
              "$$typeof": Symbol(react.forward_ref),
              "displayName": "FormFileInput",
              "render": [Function],
            },
            "Label": Object {
              "$$typeof": Symbol(react.forward_ref),
              "displayName": "FormFileLabel",
              "render": [Function],
            },
            "displayName": "FormFile",
            "render": [Function],
          },
          "Group": Object {
            "$$typeof": Symbol(react.forward_ref),
            "displayName": "FormGroup",
            "render": [Function],
          },
          "Label": Object {
            "$$typeof": Symbol(react.forward_ref),
            "defaultProps": Object {
              "column": false,
              "srOnly": false,
            },
            "displayName": "FormLabel",
            "render": [Function],
          },
          "Row": Object {
            "$$typeof": Symbol(react.forward_ref),
            "defaultProps": undefined,
            "displayName": "FormRow",
            "render": [Function],
          },
          "Switch": Object {
            "$$typeof": Symbol(react.forward_ref),
            "Input": Object {
              "$$typeof": Symbol(react.forward_ref),
              "displayName": "FormCheckInput",
              "render": [Function],
            },
            "Label": Object {
              "$$typeof": Symbol(react.forward_ref),
              "displayName": "FormCheckLabel",
              "render": [Function],
            },
            "displayName": "Switch",
            "render": [Function],
          },
          "Text": Object {
            "$$typeof": Symbol(react.forward_ref),
            "displayName": "FormText",
            "render": [Function],
          },
          "defaultProps": Object {
            "inline": false,
          },
          "displayName": "Form",
          "render": [Function],
        },
      },
      Object {
        "instance": null,
        "key": undefined,
        "nodeType": "function",
        "props": Object {
          "active": false,
          "children": "Remove Gift",
          "className": "btn-remove",
          "disabled": false,
          "onClick": [Function],
          "variant": "primary",
        },
        "ref": null,
        "rendered": "Remove Gift",
        "type": Object {
          "$$typeof": Symbol(react.forward_ref),
          "defaultProps": Object {
            "active": false,
            "disabled": false,
            "variant": "primary",
          },
          "displayName": "Button",
          "render": [Function],
        },
      },
    ],
    "type": "div",
  },
  Symbol(enzyme.__nodes__): Array [
    Object {
      "instance": null,
      "key": undefined,
      "nodeType": "host",
      "props": Object {
        "children": Array [
          <Unknown
            inline={false}
>
            <Unknown>
                        <Unknown
                                    column={false}
                                    srOnly={false}
                        >
                                    Person
                        </Unknown>
                        <Unknown
                                    className="input-person"
                                    onChange={[Function]}
                        />
            </Unknown>
            <Unknown>
                        <Unknown
                                    column={false}
                                    srOnly={false}
                        >
                                    Present
                        </Unknown>
                        <Unknown
                                    className="input-present"
                                    onChange={[Function]}
                        />
            </Unknown>
</Unknown>,
          <Unknown
            active={false}
            className="btn-remove"
            disabled={false}
            onClick={[Function]}
            variant="primary"
>
            Remove Gift
</Unknown>,
        ],
      },
      "ref": null,
      "rendered": Array [
        Object {
          "instance": null,
          "key": undefined,
          "nodeType": "function",
          "props": Object {
            "children": Array [
              <Unknown>
                <Unknown
                                column={false}
                                srOnly={false}
                >
                                Person
                </Unknown>
                <Unknown
                                className="input-person"
                                onChange={[Function]}
                />
</Unknown>,
              <Unknown>
                <Unknown
                                column={false}
                                srOnly={false}
                >
                                Present
                </Unknown>
                <Unknown
                                className="input-present"
                                onChange={[Function]}
                />
</Unknown>,
            ],
            "inline": false,
          },
          "ref": null,
          "rendered": Array [
            Object {
              "instance": null,
              "key": undefined,
              "nodeType": "function",
              "props": Object {
                "children": Array [
                  <Unknown
                    column={false}
                    srOnly={false}
>
                    Person
</Unknown>,
                  <Unknown
                    className="input-person"
                    onChange={[Function]}
/>,
                ],
              },
              "ref": null,
              "rendered": Array [
                Object {
                  "instance": null,
                  "key": undefined,
                  "nodeType": "function",
                  "props": Object {
                    "children": "Person",
                    "column": false,
                    "srOnly": false,
                  },
                  "ref": null,
                  "rendered": "Person",
                  "type": Object {
                    "$$typeof": Symbol(react.forward_ref),
                    "defaultProps": Object {
                      "column": false,
                      "srOnly": false,
                    },
                    "displayName": "FormLabel",
                    "render": [Function],
                  },
                },
                Object {
                  "instance": null,
                  "key": undefined,
                  "nodeType": "function",
                  "props": Object {
                    "className": "input-person",
                    "onChange": [Function],
                  },
                  "ref": null,
                  "rendered": null,
                  "type": Object {
                    "$$typeof": Symbol(react.forward_ref),
                    "Feedback": Object {
                      "$$typeof": Symbol(react.forward_ref),
                      "displayName": "Feedback",
                      "propTypes": Object {
                        "as": [Function],
                        "tooltip": [Function],
                        "type": [Function],
                      },
                      "render": [Function],
                    },
                    "displayName": "FormControl",
                    "render": [Function],
                  },
                },
              ],
              "type": Object {
                "$$typeof": Symbol(react.forward_ref),
                "displayName": "FormGroup",
                "render": [Function],
              },
            },
            Object {
              "instance": null,
              "key": undefined,
              "nodeType": "function",
              "props": Object {
                "children": Array [
                  <Unknown
                    column={false}
                    srOnly={false}
>
                    Present
</Unknown>,
                  <Unknown
                    className="input-present"
                    onChange={[Function]}
/>,
                ],
              },
              "ref": null,
              "rendered": Array [
                Object {
                  "instance": null,
                  "key": undefined,
                  "nodeType": "function",
                  "props": Object {
                    "children": "Present",
                    "column": false,
                    "srOnly": false,
                  },
                  "ref": null,
                  "rendered": "Present",
                  "type": Object {
                    "$$typeof": Symbol(react.forward_ref),
                    "defaultProps": Object {
                      "column": false,
                      "srOnly": false,
                    },
                    "displayName": "FormLabel",
                    "render": [Function],
                  },
                },
                Object {
                  "instance": null,
                  "key": undefined,
                  "nodeType": "function",
                  "props": Object {
                    "className": "input-present",
                    "onChange": [Function],
                  },
                  "ref": null,
                  "rendered": null,
                  "type": Object {
                    "$$typeof": Symbol(react.forward_ref),
                    "Feedback": Object {
                      "$$typeof": Symbol(react.forward_ref),
                      "displayName": "Feedback",
                      "propTypes": Object {
                        "as": [Function],
                        "tooltip": [Function],
                        "type": [Function],
                      },
                      "render": [Function],
                    },
                    "displayName": "FormControl",
                    "render": [Function],
                  },
                },
              ],
              "type": Object {
                "$$typeof": Symbol(react.forward_ref),
                "displayName": "FormGroup",
                "render": [Function],
              },
            },
          ],
          "type": Object {
            "$$typeof": Symbol(react.forward_ref),
            "Check": Object {
              "$$typeof": Symbol(react.forward_ref),
              "Input": Object {
                "$$typeof": Symbol(react.forward_ref),
                "displayName": "FormCheckInput",
                "render": [Function],
              },
              "Label": Object {
                "$$typeof": Symbol(react.forward_ref),
                "displayName": "FormCheckLabel",
                "render": [Function],
              },
              "displayName": "FormCheck",
              "render": [Function],
            },
            "Control": Object {
              "$$typeof": Symbol(react.forward_ref),
              "Feedback": Object {
                "$$typeof": Symbol(react.forward_ref),
                "displayName": "Feedback",
                "propTypes": Object {
                  "as": [Function],
                  "tooltip": [Function],
                  "type": [Function],
                },
                "render": [Function],
              },
              "displayName": "FormControl",
              "render": [Function],
            },
            "File": Object {
              "$$typeof": Symbol(react.forward_ref),
              "Input": Object {
                "$$typeof": Symbol(react.forward_ref),
                "displayName": "FormFileInput",
                "render": [Function],
              },
              "Label": Object {
                "$$typeof": Symbol(react.forward_ref),
                "displayName": "FormFileLabel",
                "render": [Function],
              },
              "displayName": "FormFile",
              "render": [Function],
            },
            "Group": Object {
              "$$typeof": Symbol(react.forward_ref),
              "displayName": "FormGroup",
              "render": [Function],
            },
            "Label": Object {
              "$$typeof": Symbol(react.forward_ref),
              "defaultProps": Object {
                "column": false,
                "srOnly": false,
              },
              "displayName": "FormLabel",
              "render": [Function],
            },
            "Row": Object {
              "$$typeof": Symbol(react.forward_ref),
              "defaultProps": undefined,
              "displayName": "FormRow",
              "render": [Function],
            },
            "Switch": Object {
              "$$typeof": Symbol(react.forward_ref),
              "Input": Object {
                "$$typeof": Symbol(react.forward_ref),
                "displayName": "FormCheckInput",
                "render": [Function],
              },
              "Label": Object {
                "$$typeof": Symbol(react.forward_ref),
                "displayName": "FormCheckLabel",
                "render": [Function],
              },
              "displayName": "Switch",
              "render": [Function],
            },
            "Text": Object {
              "$$typeof": Symbol(react.forward_ref),
              "displayName": "FormText",
              "render": [Function],
            },
            "defaultProps": Object {
              "inline": false,
            },
            "displayName": "Form",
            "render": [Function],
          },
        },
        Object {
          "instance": null,
          "key": undefined,
          "nodeType": "function",
          "props": Object {
            "active": false,
            "children": "Remove Gift",
            "className": "btn-remove",
            "disabled": false,
            "onClick": [Function],
            "variant": "primary",
          },
          "ref": null,
          "rendered": "Remove Gift",
          "type": Object {
            "$$typeof": Symbol(react.forward_ref),
            "defaultProps": Object {
              "active": false,
              "disabled": false,
              "variant": "primary",
            },
            "displayName": "Button",
            "render": [Function],
          },
        },
      ],
      "type": "div",
    },
  ],
  Symbol(enzyme.__options__): Object {
    "adapter": ReactSixteenAdapter {
      "options": Object {
        "enableComponentDidUpdateOnSetState": true,
        "legacyContextMode": "parent",
        "lifecycles": Object {
          "componentDidUpdate": Object {
            "onSetState": true,
          },
          "getChildContext": Object {
            "calledByRenderer": false,
          },
          "getDerivedStateFromError": true,
          "getDerivedStateFromProps": Object {
            "hasShouldComponentUpdateBug": false,
          },
          "getSnapshotBeforeUpdate": true,
          "setState": Object {
            "skipsComponentDidUpdateOnNullish": true,
          },
        },
      },
    },
    "disableLifecycleMethods": true,
    Symbol(enzyme.__providerValues__): undefined,
  },
  Symbol(enzyme.__providerValues__): Map {},
}
`;
